// Jest Snapshot v1, https://goo.gl/fbAQLP

exports[`SearchBar Component matches snapshot 1`] = `
<DocumentFragment>
  <div
    class="searchBar light"
  >
    <input
      class="input light"
      placeholder="Search Blogs"
      type="text"
      value=""
    />
  </div>
</DocumentFragment>
`;
