// Jest Snapshot v1, https://goo.gl/fbAQLP

exports[`Popup component Matches Snapshot 1`] = `
<DocumentFragment>
  <div
    class="popUp light"
  >
    <div
      class="content"
    >
      <div
        class="close"
      >
        X
      </div>
      <p>
        Editing in Progress. Do you want to leave?
      </p>
      <div
        class="buttons"
      >
        <div
          class="button"
        >
          <button
            class="button"
            type="button"
          >
            YES
          </button>
        </div>
        <div
          class="button"
        >
          <button
            class="button"
            type="button"
          >
            NO
          </button>
        </div>
      </div>
    </div>
  </div>
</DocumentFragment>
`;
