// Jest Snapshot v1, https://goo.gl/fbAQLP

exports[`Not found component renders not found component 1`] = `
<DocumentFragment>
  <div
    class="notFound"
  >
    <h1>
      YOU LOST?
    </h1>
  </div>
</DocumentFragment>
`;
